connected
Result set metadata:
t: VARCHAR(40) digits: 0, nullable
Result set metadata:
t: VARCHAR(80) digits: 0, nullable
disconnecting
