connected
Result set metadata:
t: WVARCHAR(40) digits: 0, nullable
Result set metadata:
t: WVARCHAR(80) digits: 0, nullable
disconnecting
