Running tests with UnknownSizes=0;MaxVarcharSize=100...
connected
Testing SQLColAttribute...

-- Column 1: intcol --
SQL_DESC_OCTET_LENGTH: 0
SQL_DESC_TYPE_NAME: int4

-- Column 2: textcol --
SQL_DESC_OCTET_LENGTH: 16380
SQL_DESC_TYPE_NAME: text

-- Column 3: varcharcol --
SQL_DESC_OCTET_LENGTH: 200
SQL_DESC_TYPE_NAME: varchar

-- Column 4: empty_varchar_col --
SQL_DESC_OCTET_LENGTH: 200
SQL_DESC_TYPE_NAME: varchar

-- Column 5: varchar5col --
SQL_DESC_OCTET_LENGTH: 10
SQL_DESC_TYPE_NAME: varchar

-- Column 6: interval --
SQL_DESC_OCTET_LENGTH: 0
SQL_DESC_TYPE_NAME: interval day to second
disconnecting
Running tests with UnknownSizes=1;MaxVarcharSize=100...
connected
Testing SQLColAttribute...

-- Column 1: intcol --
SQL_DESC_OCTET_LENGTH: 0
SQL_DESC_TYPE_NAME: int4

-- Column 2: textcol --
SQL_DESC_OCTET_LENGTH: 16380
SQL_DESC_TYPE_NAME: text

-- Column 3: varcharcol --
SQL_DESC_OCTET_LENGTH: 200
SQL_DESC_TYPE_NAME: varchar

-- Column 4: empty_varchar_col --
SQL_DESC_OCTET_LENGTH: 200
SQL_DESC_TYPE_NAME: varchar

-- Column 5: varchar5col --
SQL_DESC_OCTET_LENGTH: 10
SQL_DESC_TYPE_NAME: varchar

-- Column 6: interval --
SQL_DESC_OCTET_LENGTH: 0
SQL_DESC_TYPE_NAME: interval day to second
disconnecting
Running tests with UnknownSizes=2;MaxVarcharSize=100...
connected
Testing SQLColAttribute...

-- Column 1: intcol --
SQL_DESC_OCTET_LENGTH: 0
SQL_DESC_TYPE_NAME: int4

-- Column 2: textcol --
SQL_DESC_OCTET_LENGTH: 12
SQL_DESC_TYPE_NAME: text

-- Column 3: varcharcol --
SQL_DESC_OCTET_LENGTH: 28
SQL_DESC_TYPE_NAME: varchar

-- Column 4: empty_varchar_col --
SQL_DESC_OCTET_LENGTH: 200
SQL_DESC_TYPE_NAME: varchar

-- Column 5: varchar5col --
SQL_DESC_OCTET_LENGTH: 10
SQL_DESC_TYPE_NAME: varchar

-- Column 6: interval --
SQL_DESC_OCTET_LENGTH: 0
SQL_DESC_TYPE_NAME: interval day to second
disconnecting
