connected
Testing VACUUM with SQLExecDirect...
Testing VACUUM with SQLPrepare/SQLExecute...
Disabling autocommit...
Testing VACUUM with SQLExecDirect...
Testing VACUUM with SQLPrepare/SQLExecute...
disconnecting
