connected
disconnecting
Connecting with SQLConnect...connected
disconnecting
Testing that autocommit persists SQLDriverConnect...
connected
autocommit is still off (correct).
Result set:
disconnecting
