connected
first row: 1
row 2: 2
row 3: 3
disconnecting
