connected
cursor name prefix: SQL_CUR
disconnecting
