connected
# of rows inserted: 1
Result set:
1
Result set:
1	simple
# of rows inserted: 1
Result set:
1
Result set:
1	value.with.dots
# of rows inserted: 1
Result set:
1
Result set:
1	space in table name
disconnecting
