connected
inserting large object with len 8...
reading it back...
hex: 0102030405060708
inserting large object with len 100...
reading it back...
hex: 000102030405060708090A0B0C0D0E0F101112131415161718191A1B1C1D1E1F202122232425262728292A2B2C2D2E2F303132333435363738393A3B3C3D3E3F404142434445464748494A4B4C4D4E4F505152535455565758595A5B5C5D5E5F60616263
disconnecting
