connected
inserting large object...
reading it back...
hex: 0102030405060708
disconnecting
