connected
Testing SQL_NUMERIC_STRUCT params...

sign 1 prec 5 scale 3 val 7C62:
    25.212
sign 1 prec 41 scale 0 val 78563412 78563412 78563412 78563412:
    24197857161011715162171839636988778104
sign 1 prec 38 scale 0 val 4EF338DE509049C4133302F0F6B04909:
    12345678901234567890123456789012345678
sign 1 prec 50 scale 0 val FFFFFFFF FFFFFFFF FFFFFFFF FFFFFFFF:
    340282366920938463463374607431768211455
sign 1 prec 1 scale 0 val 00:
    0
sign 0 prec 1 scale 0 val 00:
    0
sign 1 prec 3 scale 2 val 0203:
    7.70
sign 1 prec 1 scale 5 val 3930:
    0.00005
sign 1 prec 2 scale 5 val 3930:
    0.00045
sign 1 prec 3 scale 5 val 3930:
    0.00345
sign 1 prec 4 scale 5 val 3930:
    0.02345
sign 1 prec 5 scale 5 val 3930:
    0.12345
sign 1 prec 6 scale 5 val 3930:
    0.12345
sign 1 prec 3 scale 50 val 0203:
    0.00000000000000000000000000000000000000000000000770
sign 1 prec 25 scale 80 val 0203:
    0.00000000000000000000000000000000000000000000000000000000000000000000000000000770
sign 0 prec 40 scale 127 val FFFFFFFF FFFFFFFF FFFFFFFF FFFFFFFF:
    -0.0000000000000000000000000000000000000000000000000000000000000000000000000000000000000000340282366920938463463374607431768211455
sign 1 prec 3 scale 50 val 0203:
    0.00000000000000000000000000000000000000000000000770
Testing SQL_NUMERIC_STRUCT results...

25.212:
     sign 1 prec 5 scale 3 val 7C620000000000000000000000000000
24197857161011715162171839636988778104:
     sign 1 prec 38 scale 0 val 78563412785634127856341278563412
12345678901234567890123456789012345678:
     sign 1 prec 38 scale 0 val 4EF338DE509049C4133302F0F6B04909
340282366920938463463374607431768211455:
     sign 1 prec 39 scale 0 val FFFFFFFFFFFFFFFFFFFFFFFFFFFFFFFF
340282366920938463463374607431768211456:
     sign 1 prec 39 scale 0 val 00000000000000000000000000000000
340282366920938463463374607431768211457:
     sign 1 prec 39 scale 0 val 01000000000000000000000000000000
-0:
     sign 1 prec 0 scale 0 val 00000000000000000000000000000000
0:
     sign 1 prec 0 scale 0 val 00000000000000000000000000000000
-7.70:
     sign 0 prec 3 scale 2 val 02030000000000000000000000000000
999999999999:
     sign 1 prec 12 scale 0 val FF0FA5D4E80000000000000000000000
disconnecting
