connected
# of result cols: 2
Result set:
2	bar
Result set:
3	foobar
inserting bytea values... 4000 4001 4002 4003 4004 4005 4006 4007 4008 4009 4010 4011 4012 4013 4014 4015 4016 4017 4018 4019 4020 4021 4022 4023 4024 4025 4026 4027 4028 4029 4030 4031 4032 4033 4034 4035 4036 4037 4038 4039 4040 4041 4042 4043 4044 4045 4046 4047 4048 4049 4050 4051 4052 4053 4054 4055 4056 4057 4058 4059 4060 4061 4062 4063 4064 4065 4066 4067 4068 4069 4070 4071 4072 4073 4074 4075 4076 4077 4078 4079 4080 4081 4082 4083 4084 4085 4086 4087 4088 4089 4090 4091 4092 4093 4094 4095 4096 4097 4098 4099 done!
Now reading them back...
Result set:
4000	4000
4001	4001
4002	4002
4003	4003
4004	4004
4005	4005
4006	4006
4007	4007
4008	4008
4009	4009
4010	4010
4011	4011
4012	4012
4013	4013
4014	4014
4015	4015
4016	4016
4017	4017
4018	4018
4019	4019
4020	4020
4021	4021
4022	4022
4023	4023
4024	4024
4025	4025
4026	4026
4027	4027
4028	4028
4029	4029
4030	4030
4031	4031
4032	4032
4033	4033
4034	4034
4035	4035
4036	4036
4037	4037
4038	4038
4039	4039
4040	4040
4041	4041
4042	4042
4043	4043
4044	4044
4045	4045
4046	4046
4047	4047
4048	4048
4049	4049
4050	4050
4051	4051
4052	4052
4053	4053
4054	4054
4055	4055
4056	4056
4057	4057
4058	4058
4059	4059
4060	4060
4061	4061
4062	4062
4063	4063
4064	4064
4065	4065
4066	4066
4067	4067
4068	4068
4069	4069
4070	4070
4071	4071
4072	4072
4073	4073
4074	4074
4075	4075
4076	4076
4077	4077
4078	4078
4079	4079
4080	4080
4081	4081
4082	4082
4083	4083
4084	4084
4085	4085
4086	4086
4087	4087
4088	4088
4089	4089
4090	4090
4091	4091
4092	4092
4093	4093
4094	4094
4095	4095
4096	4096
4097	4097
4098	4098
4099	4099
Result set:
1	@ 1 day	one day
2	@ 10 secs	ten secs
# of result cols: 2
col:1 name=id type=4 len=10
col:2 name=t type=12 len=25
Result set:
2	bar
disconnecting
