connected
UTF8 test
	*** wcs_debug = 0 ***
ANSI=私は井上博史です。貴方は斉藤浩さんですね？  𠀋𡈽𡌛𡑮𡢽𪐷𪗱𪘂
U+79C1U+306FU+4E95U+4E0AU+535AU+53F2U+3067U+3059U+3002U+8CB4U+65B9U+306FU+6589U+85E4U+6D69U+3055U+3093U+3067U+3059U+306DU+FF1FU+0020U+0020U+D840U+DC0BU+D844U+DE3DU+D844U+DF1BU+D845U+DC6EU+D846U+DCBDU+D869U+DC37U+D869U+DDF1U+D869U+DE02
	*** wcs_debug = 1 ***
ANSI=私は井上博史です。貴方は斉藤浩さんですね？  𠀋𡈽𡌛𡑮𡢽𪐷𪗱𪘂
U+79C1U+306FU+4E95U+4E0AU+535AU+53F2U+3067U+3059U+3002U+8CB4U+65B9U+306FU+6589U+85E4U+6D69U+3055U+3093U+3067U+3059U+306DU+FF1FU+0020U+0020U+D840U+DC0BU+D844U+DE3DU+D844U+DF1BU+D845U+DC6EU+D846U+DCBDU+D869U+DC37U+D869U+DDF1U+D869U+DE02
disconnecting
