connected
EUCJP test
ANSI=私は井上博史です。貴方は斉藤浩さんですね？
U+79C1U+306FU+4E95U+4E0AU+535AU+53F2U+3067U+3059U+3002U+8CB4U+65B9U+306FU+6589U+85E4U+6D69U+3055U+3093U+3067U+3059U+306DU+FF1F
disconnecting
